// Jest Snapshot v1, https://goo.gl/fbAQLP

exports[`metaverse hygen-extension: hygen-js new 1`] = `
Object {
  "actions": Array [
    Object {
      "status": "added",
      "subject": "given/hygen-js/new.md",
      "timing": -1,
      "type": "add",
    },
  ],
  "success": true,
  "time": 0,
}
`;
